// Jest Snapshot v1, https://goo.gl/fbAQLP

exports[`matches snapshot 1`] = `
<DocumentFragment>
  <div>
    <div
      style="display: inline-block;"
    />
    <button>
      X
    </button>
  </div>
</DocumentFragment>
`;
